make: Entering directory '/accel-sim-framework/gpu-simulator'
fatal: detected dubious ownership in repository at '/accel-sim-framework'
To add an exception for this directory, call:

	git config --global --add safe.directory /accel-sim-framework
warning: Not a git repository. Use --no-index to compare two paths outside a working tree
usage: git diff --no-index [<options>] <path> <path>

Diff output format options
    -p, --patch           generate patch
    -s, --no-patch        suppress diff output
    -u                    generate patch
    -U, --unified[=<n>]   generate diffs with <n> lines context
    -W, --function-context
                          generate diffs with <n> lines context
    --raw                 generate the diff in raw format
    --patch-with-raw      synonym for '-p --raw'
    --patch-with-stat     synonym for '-p --stat'
    --numstat             machine friendly --stat
    --shortstat           output only the last line of --stat
    -X, --dirstat[=<param1,param2>...]
                          output the distribution of relative amount of changes for each sub-directory
    --cumulative          synonym for --dirstat=cumulative
    --dirstat-by-file[=<param1,param2>...]
                          synonym for --dirstat=files,param1,param2...
    --check               warn if changes introduce conflict markers or whitespace errors
    --summary             condensed summary such as creations, renames and mode changes
    --name-only           show only names of changed files
    --name-status         show only names and status of changed files
    --stat[=<width>[,<name-width>[,<count>]]]
                          generate diffstat
    --stat-width <width>  generate diffstat with a given width
    --stat-name-width <width>
                          generate diffstat with a given name width
    --stat-graph-width <width>
                          generate diffstat with a given graph width
    --stat-count <count>  generate diffstat with limited lines
    --compact-summary     generate compact summary in diffstat
    --binary              output a binary diff that can be applied
    --full-index          show full pre- and post-image object names on the "index" lines
    --color[=<when>]      show colored diff
    --ws-error-highlight <kind>
                          highlight whitespace errors in the 'context', 'old' or 'new' lines in the diff
    -z                    do not munge pathnames and use NULs as output field terminators in --raw or --numstat
    --abbrev[=<n>]        use <n> digits to display SHA-1s
    --src-prefix <prefix>
                          show the given source prefix instead of "a/"
    --dst-prefix <prefix>
                          show the given destination prefix instead of "b/"
    --line-prefix <prefix>
                          prepend an additional prefix to every line of output
    --no-prefix           do not show any source or destination prefix
    --inter-hunk-context <n>
                          show context between diff hunks up to the specified number of lines
    --output-indicator-new <char>
                          specify the character to indicate a new line instead of '+'
    --output-indicator-old <char>
                          specify the character to indicate an old line instead of '-'
    --output-indicator-context <char>
                          specify the character to indicate a context instead of ' '

Diff rename options
    -B, --break-rewrites[=<n>[/<m>]]
                          break complete rewrite changes into pairs of delete and create
    -M, --find-renames[=<n>]
                          detect renames
    -D, --irreversible-delete
                          omit the preimage for deletes
    -C, --find-copies[=<n>]
                          detect copies
    --find-copies-harder  use unmodified files as source to find copies
    --no-renames          disable rename detection
    --rename-empty        use empty blobs as rename source
    --follow              continue listing the history of a file beyond renames
    -l <n>                prevent rename/copy detection if the number of rename/copy targets exceeds given limit

Diff algorithm options
    --minimal             produce the smallest possible diff
    -w, --ignore-all-space
                          ignore whitespace when comparing lines
    -b, --ignore-space-change
                          ignore changes in amount of whitespace
    --ignore-space-at-eol
                          ignore changes in whitespace at EOL
    --ignore-cr-at-eol    ignore carrier-return at the end of line
    --ignore-blank-lines  ignore changes whose lines are all blank
    --indent-heuristic    heuristic to shift diff hunk boundaries for easy reading
    --patience            generate diff using the "patience diff" algorithm
    --histogram           generate diff using the "histogram diff" algorithm
    --diff-algorithm <algorithm>
                          choose a diff algorithm
    --anchored <text>     generate diff using the "anchored diff" algorithm
    --word-diff[=<mode>]  show word diff, using <mode> to delimit changed words
    --word-diff-regex <regex>
                          use <regex> to decide what a word is
    --color-words[=<regex>]
                          equivalent to --word-diff=color --word-diff-regex=<regex>
    --color-moved[=<mode>]
                          moved lines of code are colored differently
    --color-moved-ws <mode>
                          how white spaces are ignored in --color-moved

Other diff options
    --relative[=<prefix>]
                          when run from subdir, exclude changes outside and show relative paths
    -a, --text            treat all files as text
    -R                    swap two inputs, reverse the diff
    --exit-code           exit with 1 if there were differences, 0 otherwise
    --quiet               disable all output of the program
    --ext-diff            allow an external diff helper to be executed
    --textconv            run external text conversion filters when comparing binary files
    --ignore-submodules[=<when>]
                          ignore changes to submodules in the diff generation
    --submodule[=<format>]
                          specify how differences in submodules are shown
    --ita-invisible-in-index
                          hide 'git add -N' entries from the index
    --ita-visible-in-index
                          treat 'git add -N' entries as real in the index
    -S <string>           look for differences that change the number of occurrences of the specified string
    -G <regex>            look for differences that change the number of occurrences of the specified regex
    --pickaxe-all         show all changes in the changeset with -S or -G
    --pickaxe-regex       treat <string> in -S as extended POSIX regular expression
    -O <file>             control the order in which files appear in the output
    --find-object <object-id>
                          look for differences that change the number of occurrences of the specified object
    --diff-filter [(A|C|D|M|R|T|U|X|B)...[*]]
                          select files by diff type
    --output <file>       Output to a specific file

error: unknown option `cached'
usage: git diff --no-index [<options>] <path> <path>

Diff output format options
    -p, --patch           generate patch
    -s, --no-patch        suppress diff output
    -u                    generate patch
    -U, --unified[=<n>]   generate diffs with <n> lines context
    -W, --function-context
                          generate diffs with <n> lines context
    --raw                 generate the diff in raw format
    --patch-with-raw      synonym for '-p --raw'
    --patch-with-stat     synonym for '-p --stat'
    --numstat             machine friendly --stat
    --shortstat           output only the last line of --stat
    -X, --dirstat[=<param1,param2>...]
                          output the distribution of relative amount of changes for each sub-directory
    --cumulative          synonym for --dirstat=cumulative
    --dirstat-by-file[=<param1,param2>...]
                          synonym for --dirstat=files,param1,param2...
    --check               warn if changes introduce conflict markers or whitespace errors
    --summary             condensed summary such as creations, renames and mode changes
    --name-only           show only names of changed files
    --name-status         show only names and status of changed files
    --stat[=<width>[,<name-width>[,<count>]]]
                          generate diffstat
    --stat-width <width>  generate diffstat with a given width
    --stat-name-width <width>
                          generate diffstat with a given name width
    --stat-graph-width <width>
                          generate diffstat with a given graph width
    --stat-count <count>  generate diffstat with limited lines
    --compact-summary     generate compact summary in diffstat
    --binary              output a binary diff that can be applied
    --full-index          show full pre- and post-image object names on the "index" lines
    --color[=<when>]      show colored diff
    --ws-error-highlight <kind>
                          highlight whitespace errors in the 'context', 'old' or 'new' lines in the diff
    -z                    do not munge pathnames and use NULs as output field terminators in --raw or --numstat
    --abbrev[=<n>]        use <n> digits to display SHA-1s
    --src-prefix <prefix>
                          show the given source prefix instead of "a/"
    --dst-prefix <prefix>
                          show the given destination prefix instead of "b/"
    --line-prefix <prefix>
                          prepend an additional prefix to every line of output
    --no-prefix           do not show any source or destination prefix
    --inter-hunk-context <n>
                          show context between diff hunks up to the specified number of lines
    --output-indicator-new <char>
                          specify the character to indicate a new line instead of '+'
    --output-indicator-old <char>
                          specify the character to indicate an old line instead of '-'
    --output-indicator-context <char>
                          specify the character to indicate a context instead of ' '

Diff rename options
    -B, --break-rewrites[=<n>[/<m>]]
                          break complete rewrite changes into pairs of delete and create
    -M, --find-renames[=<n>]
                          detect renames
    -D, --irreversible-delete
                          omit the preimage for deletes
    -C, --find-copies[=<n>]
                          detect copies
    --find-copies-harder  use unmodified files as source to find copies
    --no-renames          disable rename detection
    --rename-empty        use empty blobs as rename source
    --follow              continue listing the history of a file beyond renames
    -l <n>                prevent rename/copy detection if the number of rename/copy targets exceeds given limit

Diff algorithm options
    --minimal             produce the smallest possible diff
    -w, --ignore-all-space
                          ignore whitespace when comparing lines
    -b, --ignore-space-change
                          ignore changes in amount of whitespace
    --ignore-space-at-eol
                          ignore changes in whitespace at EOL
    --ignore-cr-at-eol    ignore carrier-return at the end of line
    --ignore-blank-lines  ignore changes whose lines are all blank
    --indent-heuristic    heuristic to shift diff hunk boundaries for easy reading
    --patience            generate diff using the "patience diff" algorithm
    --histogram           generate diff using the "histogram diff" algorithm
    --diff-algorithm <algorithm>
                          choose a diff algorithm
    --anchored <text>     generate diff using the "anchored diff" algorithm
    --word-diff[=<mode>]  show word diff, using <mode> to delimit changed words
    --word-diff-regex <regex>
                          use <regex> to decide what a word is
    --color-words[=<regex>]
                          equivalent to --word-diff=color --word-diff-regex=<regex>
    --color-moved[=<mode>]
                          moved lines of code are colored differently
    --color-moved-ws <mode>
                          how white spaces are ignored in --color-moved

Other diff options
    --relative[=<prefix>]
                          when run from subdir, exclude changes outside and show relative paths
    -a, --text            treat all files as text
    -R                    swap two inputs, reverse the diff
    --exit-code           exit with 1 if there were differences, 0 otherwise
    --quiet               disable all output of the program
    --ext-diff            allow an external diff helper to be executed
    --textconv            run external text conversion filters when comparing binary files
    --ignore-submodules[=<when>]
                          ignore changes to submodules in the diff generation
    --submodule[=<format>]
                          specify how differences in submodules are shown
    --ita-invisible-in-index
                          hide 'git add -N' entries from the index
    --ita-visible-in-index
                          treat 'git add -N' entries as real in the index
    -S <string>           look for differences that change the number of occurrences of the specified string
    -G <regex>            look for differences that change the number of occurrences of the specified regex
    --pickaxe-all         show all changes in the changeset with -S or -G
    --pickaxe-regex       treat <string> in -S as extended POSIX regular expression
    -O <file>             control the order in which files appear in the output
    --find-object <object-id>
                          look for differences that change the number of occurrences of the specified object
    --diff-filter [(A|C|D|M|R|T|U|X|B)...[*]]
                          select files by diff type
    --output <file>       Output to a specific file

if [ ! -d ./bin/release ]; then mkdir -p ./bin/release; fi;
if [ ! -d ./build/release ]; then mkdir -p ./build/release; fi;
touch ./build/release/main.makedepend
makedepend -f./build/release/main.makedepend -p./build/release/ main.cc 2> /dev/null
make -C trace-driven depend
make -C trace-parser depend
make -C /accel-sim-framework/gpu-simulator/gpgpu-sim
make[1]: Entering directory '/accel-sim-framework/gpu-simulator/trace-driven'
echo "const char *g_accelsim_version=\"accelsim-commit-_modified_0.0_25-10-09-16-41-00\";" > ./build/release/accelsim_version.h
make[1]: Entering directory '/accel-sim-framework/gpu-simulator/trace-parser'
make[1]: Entering directory '/accel-sim-framework/gpu-simulator/gpgpu-sim'
touch ../build/release/trace-driven.Makefile.makedepend
makedepend -f../build/release/trace-driven.Makefile.makedepend -p../build/release/ trace_driven.cc 2> /dev/null
touch ../build/release/trace-parser.Makefile.makedepend
make[1]: 'depend' is up to date.
make[1]: Leaving directory '/accel-sim-framework/gpu-simulator/trace-driven'
makedepend -f../build/release/trace-parser.Makefile.makedepend -p../build/release/ trace_parser.cc 2> /dev/null
make -C trace-driven
make[1]: Entering directory '/accel-sim-framework/gpu-simulator/trace-driven'
make[1]: 'depend' is up to date.
make[1]: Leaving directory '/accel-sim-framework/gpu-simulator/trace-parser'
make -C trace-parser
touch ../build/release/trace-driven.Makefile.makedepend
makedepend -f../build/release/trace-driven.Makefile.makedepend -p../build/release/ trace_driven.cc 2> /dev/null
make[1]: Entering directory '/accel-sim-framework/gpu-simulator/trace-parser'
make[1]: Nothing to be done for 'trace-driven'.
make[1]: Leaving directory '/accel-sim-framework/gpu-simulator/trace-driven'
touch ../build/release/trace-parser.Makefile.makedepend
makedepend -f../build/release/trace-parser.Makefile.makedepend -p../build/release/ trace_parser.cc 2> /dev/null
make[1]: Nothing to be done for 'trace-parser'.
make[1]: Leaving directory '/accel-sim-framework/gpu-simulator/trace-parser'

	Building GPGPU-Sim version 4.2.0 (build gpgpu-sim_git-commit-33644740_modified_0.0) with CUDA version 11.1

if [ ! -d lib/gcc-9.4.0/cuda-11010/release ]; then mkdir -p lib/gcc-9.4.0/cuda-11010/release; fi;
if [ ! -d /accel-sim-framework/gpu-simulator/gpgpu-sim/build/gcc-9.4.0/cuda-11010/release/libcuda ]; then mkdir -p /accel-sim-framework/gpu-simulator/gpgpu-sim/build/gcc-9.4.0/cuda-11010/release/libcuda; fi;
if [ ! -d /accel-sim-framework/gpu-simulator/gpgpu-sim/build/gcc-9.4.0/cuda-11010/release/cuda-sim ]; then mkdir -p /accel-sim-framework/gpu-simulator/gpgpu-sim/build/gcc-9.4.0/cuda-11010/release/cuda-sim; fi;
Warning: gpgpu-sim is building without opencl support. Make sure NVOPENCL_LIBDIR and NVOPENCL_INCDIR are set
if [ ! -d /accel-sim-framework/gpu-simulator/gpgpu-sim/build/gcc-9.4.0/cuda-11010/release/cuda-sim/decuda_pred_table ]; then mkdir -p /accel-sim-framework/gpu-simulator/gpgpu-sim/build/gcc-9.4.0/cuda-11010/release/cuda-sim/decuda_pred_table; fi;
if [ ! -d /accel-sim-framework/gpu-simulator/gpgpu-sim/build/gcc-9.4.0/cuda-11010/release/gpgpu-sim ]; then mkdir -p /accel-sim-framework/gpu-simulator/gpgpu-sim/build/gcc-9.4.0/cuda-11010/release/gpgpu-sim; fi;
if [ ! -d /accel-sim-framework/gpu-simulator/gpgpu-sim/build/gcc-9.4.0/cuda-11010/release/libopencl ]; then mkdir -p /accel-sim-framework/gpu-simulator/gpgpu-sim/build/gcc-9.4.0/cuda-11010/release/libopencl; fi;
if [ ! -d /accel-sim-framework/gpu-simulator/gpgpu-sim/build/gcc-9.4.0/cuda-11010/release/libopencl/bin ]; then mkdir -p /accel-sim-framework/gpu-simulator/gpgpu-sim/build/gcc-9.4.0/cuda-11010/release/libopencl/bin; fi;
if [ ! -d /accel-sim-framework/gpu-simulator/gpgpu-sim/build/gcc-9.4.0/cuda-11010/release/intersim2 ]; then mkdir -p /accel-sim-framework/gpu-simulator/gpgpu-sim/build/gcc-9.4.0/cuda-11010/release/intersim2; fi;
if [ ! -d /accel-sim-framework/gpu-simulator/gpgpu-sim/build/gcc-9.4.0/cuda-11010/release/cuobjdump_to_ptxplus ]; then mkdir -p /accel-sim-framework/gpu-simulator/gpgpu-sim/build/gcc-9.4.0/cuda-11010/release/cuobjdump_to_ptxplus; fi;
if [ ! -d /accel-sim-framework/gpu-simulator/gpgpu-sim/build/gcc-9.4.0/cuda-11010/release/accelwattch ]; then mkdir -p /accel-sim-framework/gpu-simulator/gpgpu-sim/build/gcc-9.4.0/cuda-11010/release/accelwattch; fi;
if [ ! -d /accel-sim-framework/gpu-simulator/gpgpu-sim/build/gcc-9.4.0/cuda-11010/release/accelwattch/cacti ]; then mkdir -p /accel-sim-framework/gpu-simulator/gpgpu-sim/build/gcc-9.4.0/cuda-11010/release/accelwattch/cacti; fi;
make -C ./src/cuda-sim/ depend
make -C /accel-sim-framework/gpu-simulator/gpgpu-sim/src/accelwattch/ depend
make[2]: Entering directory '/accel-sim-framework/gpu-simulator/gpgpu-sim/src/cuda-sim'
make[2]: Entering directory '/accel-sim-framework/gpu-simulator/gpgpu-sim/src/accelwattch'
make[3]: Entering directory '/accel-sim-framework/gpu-simulator/gpgpu-sim/src/accelwattch'
touch /accel-sim-framework/gpu-simulator/gpgpu-sim/build/gcc-9.4.0/cuda-11010/release/accelwattch/Makefile.makedepend
makedepend -f/accel-sim-framework/gpu-simulator/gpgpu-sim/build/gcc-9.4.0/cuda-11010/release/accelwattch/Makefile.makedepend -p/accel-sim-framework/gpu-simulator/gpgpu-sim/build/gcc-9.4.0/cuda-11010/release/accelwattch/ Ucache.cc XML_Parse.cc arbiter.cc area.cc array.cc bank.cc basic_circuit.cc basic_components.cc cacti_interface.cc component.cc core.cc crossbar.cc decoder.cc htree2.cc interconnect.cc io.cc iocontrollers.cc logic.cc main.cc mat.cc memoryctrl.cc noc.cc nuca.cc parameter.cc processor.cc router.cc sharedcache.cc subarray.cc technology.cc uca.cc wire.cc xmlParser.cc gpgpu_sim_wrapper.cc  2> /dev/null
make -C ./cacti/ depend
make[4]: Entering directory '/accel-sim-framework/gpu-simulator/gpgpu-sim/src/accelwattch/cacti'
make[5]: Entering directory '/accel-sim-framework/gpu-simulator/gpgpu-sim/src/accelwattch/cacti'
touch /accel-sim-framework/gpu-simulator/gpgpu-sim/build/gcc-9.4.0/cuda-11010/release/accelwattch/cacti/Makefile.makedepend
touch /accel-sim-framework/gpu-simulator/gpgpu-sim/build/gcc-9.4.0/cuda-11010/release/cuda-sim/Makefile.makedepend
makedepend -f/accel-sim-framework/gpu-simulator/gpgpu-sim/build/gcc-9.4.0/cuda-11010/release/accelwattch/cacti/Makefile.makedepend -p/accel-sim-framework/gpu-simulator/gpgpu-sim/build/gcc-9.4.0/cuda-11010/release/accelwattch/cacti/ area.cc bank.cc mat.cc main.cc Ucache.cc io.cc technology.cc basic_circuit.cc parameter.cc decoder.cc component.cc uca.cc subarray.cc wire.cc htree2.cc cacti_interface.cc router.cc nuca.cc crossbar.cc arbiter.cc  2> /dev/null
makedepend -f/accel-sim-framework/gpu-simulator/gpgpu-sim/build/gcc-9.4.0/cuda-11010/release/cuda-sim/Makefile.makedepend -p/accel-sim-framework/gpu-simulator/gpgpu-sim/build/gcc-9.4.0/cuda-11010/release/cuda-sim/ cuda-sim.cc cuda_device_printf.cc cuda_device_runtime.cc instructions.cc memory.cc ptx-stats.cc ptx_ir.cc ptx_loader.cc ptx_parser.cc ptx_sim.cc 2> /dev/null
make[5]: Nothing to be done for 'depend'.
make[5]: Leaving directory '/accel-sim-framework/gpu-simulator/gpgpu-sim/src/accelwattch/cacti'
make[4]: Leaving directory '/accel-sim-framework/gpu-simulator/gpgpu-sim/src/accelwattch/cacti'
make[3]: Nothing to be done for 'depend'.
make[3]: Leaving directory '/accel-sim-framework/gpu-simulator/gpgpu-sim/src/accelwattch'
make[2]: Leaving directory '/accel-sim-framework/gpu-simulator/gpgpu-sim/src/accelwattch'
make -C /accel-sim-framework/gpu-simulator/gpgpu-sim/src/accelwattch/ 
make[2]: Entering directory '/accel-sim-framework/gpu-simulator/gpgpu-sim/src/accelwattch'
make[3]: Entering directory '/accel-sim-framework/gpu-simulator/gpgpu-sim/src/accelwattch'
make[2]: 'depend' is up to date.
make[2]: Leaving directory '/accel-sim-framework/gpu-simulator/gpgpu-sim/src/cuda-sim'
touch /accel-sim-framework/gpu-simulator/gpgpu-sim/build/gcc-9.4.0/cuda-11010/release/accelwattch/Makefile.makedepend
make -C ./src/cuda-sim/
makedepend -f/accel-sim-framework/gpu-simulator/gpgpu-sim/build/gcc-9.4.0/cuda-11010/release/accelwattch/Makefile.makedepend -p/accel-sim-framework/gpu-simulator/gpgpu-sim/build/gcc-9.4.0/cuda-11010/release/accelwattch/ Ucache.cc XML_Parse.cc arbiter.cc area.cc array.cc bank.cc basic_circuit.cc basic_components.cc cacti_interface.cc component.cc core.cc crossbar.cc decoder.cc htree2.cc interconnect.cc io.cc iocontrollers.cc logic.cc main.cc mat.cc memoryctrl.cc noc.cc nuca.cc parameter.cc processor.cc router.cc sharedcache.cc subarray.cc technology.cc uca.cc wire.cc xmlParser.cc gpgpu_sim_wrapper.cc  2> /dev/null
make[2]: Entering directory '/accel-sim-framework/gpu-simulator/gpgpu-sim/src/cuda-sim'
make -C ./cacti/ depend
make[4]: Entering directory '/accel-sim-framework/gpu-simulator/gpgpu-sim/src/accelwattch/cacti'
make[5]: Entering directory '/accel-sim-framework/gpu-simulator/gpgpu-sim/src/accelwattch/cacti'
touch /accel-sim-framework/gpu-simulator/gpgpu-sim/build/gcc-9.4.0/cuda-11010/release/accelwattch/cacti/Makefile.makedepend
makedepend -f/accel-sim-framework/gpu-simulator/gpgpu-sim/build/gcc-9.4.0/cuda-11010/release/accelwattch/cacti/Makefile.makedepend -p/accel-sim-framework/gpu-simulator/gpgpu-sim/build/gcc-9.4.0/cuda-11010/release/accelwattch/cacti/ area.cc bank.cc mat.cc main.cc Ucache.cc io.cc technology.cc basic_circuit.cc parameter.cc decoder.cc component.cc uca.cc subarray.cc wire.cc htree2.cc cacti_interface.cc router.cc nuca.cc crossbar.cc arbiter.cc  2> /dev/null
make[5]: Nothing to be done for 'depend'.
make[5]: Leaving directory '/accel-sim-framework/gpu-simulator/gpgpu-sim/src/accelwattch/cacti'
make[4]: Leaving directory '/accel-sim-framework/gpu-simulator/gpgpu-sim/src/accelwattch/cacti'
make[3]: Nothing to be done for 'all'.
make[3]: Leaving directory '/accel-sim-framework/gpu-simulator/gpgpu-sim/src/accelwattch'
make[2]: Leaving directory '/accel-sim-framework/gpu-simulator/gpgpu-sim/src/accelwattch'
touch /accel-sim-framework/gpu-simulator/gpgpu-sim/build/gcc-9.4.0/cuda-11010/release/cuda-sim/Makefile.makedepend
makedepend -f/accel-sim-framework/gpu-simulator/gpgpu-sim/build/gcc-9.4.0/cuda-11010/release/cuda-sim/Makefile.makedepend -p/accel-sim-framework/gpu-simulator/gpgpu-sim/build/gcc-9.4.0/cuda-11010/release/cuda-sim/ cuda-sim.cc cuda_device_printf.cc cuda_device_runtime.cc instructions.cc memory.cc ptx-stats.cc ptx_ir.cc ptx_loader.cc ptx_parser.cc ptx_sim.cc 2> /dev/null
g++  -c -O3 -g3 -Wall -Wno-unused-function -Wno-sign-compare -I/usr/local/cuda-11.1/include  -I/accel-sim-framework/gpu-simulator/gpgpu-sim/build/gcc-9.4.0/cuda-11010/release/cuda-sim/ -I. -I/accel-sim-framework/gpu-simulator/gpgpu-sim/build/gcc-9.4.0/cuda-11010/release -fPIC  -DTRACING_ON=1 -DCUDART_VERSION=11010 -std=c++0x cuda-sim.cc -o /accel-sim-framework/gpu-simulator/gpgpu-sim/build/gcc-9.4.0/cuda-11010/release/cuda-sim/cuda-sim.o
In file included from ../gpgpu-sim/shader.h:54,
                 from cuda-sim.h:37,
                 from cuda-sim.cc:33:
../gpgpu-sim/gpu-cache.h: In constructor 'baseline_cache::baseline_cache(const char*, cache_config&, int, int, mem_fetch_interface*, mem_fetch_status, cache_gpu_level, gpgpu_sim*)':
../gpgpu-sim/gpu-cache.h:1479:24: warning: 'baseline_cache::m_bandwidth_management' will be initialized after [-Wreorder]
 1479 |   bandwidth_management m_bandwidth_management;
      |                        ^~~~~~~~~~~~~~~~~~~~~~
../gpgpu-sim/gpu-cache.h:1399:19: warning:   'cache_gpu_level baseline_cache::m_level' [-Wreorder]
 1399 |   cache_gpu_level m_level;
      |                   ^~~~~~~
../gpgpu-sim/gpu-cache.h:1282:3: warning:   when initialized here [-Wreorder]
 1282 |   baseline_cache(const char *name, cache_config &config, int core_id,
      |   ^~~~~~~~~~~~~~
ar rcs /accel-sim-framework/gpu-simulator/gpgpu-sim/build/gcc-9.4.0/cuda-11010/release/cuda-sim/libgpgpu_ptx_sim.a /accel-sim-framework/gpu-simulator/gpgpu-sim/build/gcc-9.4.0/cuda-11010/release/cuda-sim/ptx.tab.o /accel-sim-framework/gpu-simulator/gpgpu-sim/build/gcc-9.4.0/cuda-11010/release/cuda-sim/lex.ptx_.o /accel-sim-framework/gpu-simulator/gpgpu-sim/build/gcc-9.4.0/cuda-11010/release/cuda-sim/ptxinfo.tab.o /accel-sim-framework/gpu-simulator/gpgpu-sim/build/gcc-9.4.0/cuda-11010/release/cuda-sim/lex.ptxinfo_.o /accel-sim-framework/gpu-simulator/gpgpu-sim/build/gcc-9.4.0/cuda-11010/release/cuda-sim/ptx_parser.o /accel-sim-framework/gpu-simulator/gpgpu-sim/build/gcc-9.4.0/cuda-11010/release/cuda-sim/ptx_loader.o /accel-sim-framework/gpu-simulator/gpgpu-sim/build/gcc-9.4.0/cuda-11010/release/cuda-sim/cuda_device_printf.o /accel-sim-framework/gpu-simulator/gpgpu-sim/build/gcc-9.4.0/cuda-11010/release/cuda-sim/instructions.o /accel-sim-framework/gpu-simulator/gpgpu-sim/build/gcc-9.4.0/cuda-11010/release/cuda-sim/cuda-sim.o /accel-sim-framework/gpu-simulator/gpgpu-sim/build/gcc-9.4.0/cuda-11010/release/cuda-sim/ptx_ir.o /accel-sim-framework/gpu-simulator/gpgpu-sim/build/gcc-9.4.0/cuda-11010/release/cuda-sim/ptx_sim.o  /accel-sim-framework/gpu-simulator/gpgpu-sim/build/gcc-9.4.0/cuda-11010/release/cuda-sim/memory.o /accel-sim-framework/gpu-simulator/gpgpu-sim/build/gcc-9.4.0/cuda-11010/release/cuda-sim/ptx-stats.o /accel-sim-framework/gpu-simulator/gpgpu-sim/build/gcc-9.4.0/cuda-11010/release/cuda-sim/decuda_pred_table/decuda_pred_table.o /accel-sim-framework/gpu-simulator/gpgpu-sim/build/gcc-9.4.0/cuda-11010/release/cuda-sim/ptx.tab.o /accel-sim-framework/gpu-simulator/gpgpu-sim/build/gcc-9.4.0/cuda-11010/release/cuda-sim/lex.ptx_.o /accel-sim-framework/gpu-simulator/gpgpu-sim/build/gcc-9.4.0/cuda-11010/release/cuda-sim/ptxinfo.tab.o /accel-sim-framework/gpu-simulator/gpgpu-sim/build/gcc-9.4.0/cuda-11010/release/cuda-sim/lex.ptxinfo_.o /accel-sim-framework/gpu-simulator/gpgpu-sim/build/gcc-9.4.0/cuda-11010/release/cuda-sim/cuda_device_runtime.o
make[2]: Leaving directory '/accel-sim-framework/gpu-simulator/gpgpu-sim/src/cuda-sim'
make -C ./src/gpgpu-sim/ depend
make -C ./libcuda/ depend
make[2]: Entering directory '/accel-sim-framework/gpu-simulator/gpgpu-sim/src/gpgpu-sim'
make -C ./cuobjdump_to_ptxplus/ depend
make[2]: Entering directory '/accel-sim-framework/gpu-simulator/gpgpu-sim/libcuda'
make[2]: Entering directory '/accel-sim-framework/gpu-simulator/gpgpu-sim/cuobjdump_to_ptxplus'
touch /accel-sim-framework/gpu-simulator/gpgpu-sim/build/gcc-9.4.0/cuda-11010/release/cuobjdump_to_ptxplus/Makefile.makedepend
makedepend -f/accel-sim-framework/gpu-simulator/gpgpu-sim/build/gcc-9.4.0/cuda-11010/release/cuobjdump_to_ptxplus/Makefile.makedepend cuobjdumpInst.cc cuobjdumpInstList.cc cuobjdump_to_ptxplus.cc 2> /dev/null
make[2]: Leaving directory '/accel-sim-framework/gpu-simulator/gpgpu-sim/cuobjdump_to_ptxplus'
make -C ./cuobjdump_to_ptxplus/
make[2]: Entering directory '/accel-sim-framework/gpu-simulator/gpgpu-sim/cuobjdump_to_ptxplus'
:
:
:
make[2]: Leaving directory '/accel-sim-framework/gpu-simulator/gpgpu-sim/cuobjdump_to_ptxplus'
touch /accel-sim-framework/gpu-simulator/gpgpu-sim/build/gcc-9.4.0/cuda-11010/release/libcuda/Makefile.makedepend
makedepend -f/accel-sim-framework/gpu-simulator/gpgpu-sim/build/gcc-9.4.0/cuda-11010/release/libcuda/Makefile.makedepend -p/accel-sim-framework/gpu-simulator/gpgpu-sim/build/gcc-9.4.0/cuda-11010/release/libcuda/ cuda_runtime_api.cc 2> /dev/null
touch /accel-sim-framework/gpu-simulator/gpgpu-sim/build/gcc-9.4.0/cuda-11010/release/gpgpu-sim/Makefile.makedepend
makedepend -f/accel-sim-framework/gpu-simulator/gpgpu-sim/build/gcc-9.4.0/cuda-11010/release/gpgpu-sim/Makefile.makedepend -p/accel-sim-framework/gpu-simulator/gpgpu-sim/build/gcc-9.4.0/cuda-11010/release/gpgpu-sim/ addrdec.cc dram.cc dram_sched.cc gpu-cache.cc gpu-misc.cc gpu-sim.cc hashing.cc histogram.cc icnt_wrapper.cc l2cache.cc local_interconnect.cc mem_fetch.cc mem_latency_stat.cc power_interface.cc power_stat.cc scoreboard.cc shader.cc stack.cc stat-tool.cc traffic_breakdown.cc visualizer.cc 2> /dev/null
make[2]: 'depend' is up to date.
make[2]: Leaving directory '/accel-sim-framework/gpu-simulator/gpgpu-sim/libcuda'
make -C ./libcuda/
make[2]: Entering directory '/accel-sim-framework/gpu-simulator/gpgpu-sim/libcuda'
make[2]: 'depend' is up to date.
make[2]: Leaving directory '/accel-sim-framework/gpu-simulator/gpgpu-sim/src/gpgpu-sim'
make -C ./src/gpgpu-sim/
make[2]: Entering directory '/accel-sim-framework/gpu-simulator/gpgpu-sim/src/gpgpu-sim'
touch /accel-sim-framework/gpu-simulator/gpgpu-sim/build/gcc-9.4.0/cuda-11010/release/libcuda/Makefile.makedepend
makedepend -f/accel-sim-framework/gpu-simulator/gpgpu-sim/build/gcc-9.4.0/cuda-11010/release/libcuda/Makefile.makedepend -p/accel-sim-framework/gpu-simulator/gpgpu-sim/build/gcc-9.4.0/cuda-11010/release/libcuda/ cuda_runtime_api.cc 2> /dev/null
touch /accel-sim-framework/gpu-simulator/gpgpu-sim/build/gcc-9.4.0/cuda-11010/release/gpgpu-sim/Makefile.makedepend
makedepend -f/accel-sim-framework/gpu-simulator/gpgpu-sim/build/gcc-9.4.0/cuda-11010/release/gpgpu-sim/Makefile.makedepend -p/accel-sim-framework/gpu-simulator/gpgpu-sim/build/gcc-9.4.0/cuda-11010/release/gpgpu-sim/ addrdec.cc dram.cc dram_sched.cc gpu-cache.cc gpu-misc.cc gpu-sim.cc hashing.cc histogram.cc icnt_wrapper.cc l2cache.cc local_interconnect.cc mem_fetch.cc mem_latency_stat.cc power_interface.cc power_stat.cc scoreboard.cc shader.cc stack.cc stat-tool.cc traffic_breakdown.cc visualizer.cc 2> /dev/null
:
echo /accel-sim-framework/gpu-simulator/gpgpu-sim/build/gcc-9.4.0/cuda-11010/release/libcuda/cuda_runtime_api.o /accel-sim-framework/gpu-simulator/gpgpu-sim/build/gcc-9.4.0/cuda-11010/release/libcuda/cuobjdump_lexer.o /accel-sim-framework/gpu-simulator/gpgpu-sim/build/gcc-9.4.0/cuda-11010/release/libcuda/cuobjdump_parser.o
/accel-sim-framework/gpu-simulator/gpgpu-sim/build/gcc-9.4.0/cuda-11010/release/libcuda/cuda_runtime_api.o /accel-sim-framework/gpu-simulator/gpgpu-sim/build/gcc-9.4.0/cuda-11010/release/libcuda/cuobjdump_lexer.o /accel-sim-framework/gpu-simulator/gpgpu-sim/build/gcc-9.4.0/cuda-11010/release/libcuda/cuobjdump_parser.o
ar rcs /accel-sim-framework/gpu-simulator/gpgpu-sim/build/gcc-9.4.0/cuda-11010/release/libcuda/libcuda.a /accel-sim-framework/gpu-simulator/gpgpu-sim/build/gcc-9.4.0/cuda-11010/release/libcuda/cuda_runtime_api.o /accel-sim-framework/gpu-simulator/gpgpu-sim/build/gcc-9.4.0/cuda-11010/release/libcuda/cuobjdump_lexer.o /accel-sim-framework/gpu-simulator/gpgpu-sim/build/gcc-9.4.0/cuda-11010/release/libcuda/cuobjdump_parser.o
ar rcs  /accel-sim-framework/gpu-simulator/gpgpu-sim/build/gcc-9.4.0/cuda-11010/release/gpgpu-sim/libgpu_uarch_sim.a /accel-sim-framework/gpu-simulator/gpgpu-sim/build/gcc-9.4.0/cuda-11010/release/gpgpu-sim/addrdec.o /accel-sim-framework/gpu-simulator/gpgpu-sim/build/gcc-9.4.0/cuda-11010/release/gpgpu-sim/dram.o /accel-sim-framework/gpu-simulator/gpgpu-sim/build/gcc-9.4.0/cuda-11010/release/gpgpu-sim/dram_sched.o /accel-sim-framework/gpu-simulator/gpgpu-sim/build/gcc-9.4.0/cuda-11010/release/gpgpu-sim/gpu-cache.o /accel-sim-framework/gpu-simulator/gpgpu-sim/build/gcc-9.4.0/cuda-11010/release/gpgpu-sim/gpu-misc.o /accel-sim-framework/gpu-simulator/gpgpu-sim/build/gcc-9.4.0/cuda-11010/release/gpgpu-sim/gpu-sim.o /accel-sim-framework/gpu-simulator/gpgpu-sim/build/gcc-9.4.0/cuda-11010/release/gpgpu-sim/hashing.o /accel-sim-framework/gpu-simulator/gpgpu-sim/build/gcc-9.4.0/cuda-11010/release/gpgpu-sim/histogram.o /accel-sim-framework/gpu-simulator/gpgpu-sim/build/gcc-9.4.0/cuda-11010/release/gpgpu-sim/icnt_wrapper.o /accel-sim-framework/gpu-simulator/gpgpu-sim/build/gcc-9.4.0/cuda-11010/release/gpgpu-sim/l2cache.o /accel-sim-framework/gpu-simulator/gpgpu-sim/build/gcc-9.4.0/cuda-11010/release/gpgpu-sim/local_interconnect.o /accel-sim-framework/gpu-simulator/gpgpu-sim/build/gcc-9.4.0/cuda-11010/release/gpgpu-sim/mem_fetch.o /accel-sim-framework/gpu-simulator/gpgpu-sim/build/gcc-9.4.0/cuda-11010/release/gpgpu-sim/mem_latency_stat.o /accel-sim-framework/gpu-simulator/gpgpu-sim/build/gcc-9.4.0/cuda-11010/release/gpgpu-sim/power_interface.o /accel-sim-framework/gpu-simulator/gpgpu-sim/build/gcc-9.4.0/cuda-11010/release/gpgpu-sim/power_stat.o /accel-sim-framework/gpu-simulator/gpgpu-sim/build/gcc-9.4.0/cuda-11010/release/gpgpu-sim/scoreboard.o /accel-sim-framework/gpu-simulator/gpgpu-sim/build/gcc-9.4.0/cuda-11010/release/gpgpu-sim/shader.o /accel-sim-framework/gpu-simulator/gpgpu-sim/build/gcc-9.4.0/cuda-11010/release/gpgpu-sim/stack.o /accel-sim-framework/gpu-simulator/gpgpu-sim/build/gcc-9.4.0/cuda-11010/release/gpgpu-sim/stat-tool.o /accel-sim-framework/gpu-simulator/gpgpu-sim/build/gcc-9.4.0/cuda-11010/release/gpgpu-sim/traffic_breakdown.o /accel-sim-framework/gpu-simulator/gpgpu-sim/build/gcc-9.4.0/cuda-11010/release/gpgpu-sim/visualizer.o
make[2]: Leaving directory '/accel-sim-framework/gpu-simulator/gpgpu-sim/libcuda'
make[2]: Leaving directory '/accel-sim-framework/gpu-simulator/gpgpu-sim/src/gpgpu-sim'
make "CREATE_LIBRARY=1" "DEBUG=0" -C ./src/intersim2
make[2]: Entering directory '/accel-sim-framework/gpu-simulator/gpgpu-sim/src/intersim2'
touch /accel-sim-framework/gpu-simulator/gpgpu-sim/build/gcc-9.4.0/cuda-11010/release/intersim2/Makefile.makedepend
makedepend -f/accel-sim-framework/gpu-simulator/gpgpu-sim/build/gcc-9.4.0/cuda-11010/release/intersim2/Makefile.makedepend -I-I. -Iarbiters -Iallocators -Irouters -Inetworks -Ipower -I/accel-sim-framework/gpu-simulator/gpgpu-sim/src -I/accel-sim-framework/gpu-simulator/gpgpu-sim/src/gpgpu-sim/ -p/accel-sim-framework/gpu-simulator/gpgpu-sim/build/gcc-9.4.0/cuda-11010/release/intersim2/ config_utils.cpp booksim_config.cpp module.cpp buffer.cpp vc.cpp routefunc.cpp traffic.cpp flitchannel.cpp trafficmanager.cpp batchtrafficmanager.cpp packet_reply_info.cpp buffer_state.cpp stats.cpp credit.cpp outputset.cpp flit.cpp injection.cpp misc_utils.cpp rng_wrapper.cpp rng_double_wrapper.cpp power_module.cpp switch_monitor.cpp buffer_monitor.cpp main.cpp gputrafficmanager.cpp intersim_config.cpp interconnect_interface.cpp allocators/allocator.cpp allocators/islip.cpp allocators/loa.cpp allocators/maxsize.cpp allocators/pim.cpp allocators/selalloc.cpp allocators/separable.cpp allocators/separable_input_first.cpp allocators/separable_output_first.cpp allocators/wavefront.cpp arbiters/arbiter.cpp arbiters/matrix_arb.cpp arbiters/prio_arb.cpp arbiters/roundrobin_arb.cpp arbiters/tree_arb.cpp networks/anynet.cpp networks/cmesh.cpp networks/dragonfly.cpp networks/fattree.cpp networks/flatfly_onchip.cpp networks/fly.cpp networks/kncube.cpp networks/network.cpp networks/qtree.cpp networks/tree4.cpp power/buffer_monitor.cpp power/power_module.cpp power/switch_monitor.cpp routers/chaos_router.cpp routers/event_router.cpp routers/iq_router.cpp routers/router.cpp 2> /dev/null
make[2]: Nothing to be done for 'all'.
make[2]: Leaving directory '/accel-sim-framework/gpu-simulator/gpgpu-sim/src/intersim2'
make -C ./src/ depend
make[2]: Entering directory '/accel-sim-framework/gpu-simulator/gpgpu-sim/src'
touch /accel-sim-framework/gpu-simulator/gpgpu-sim/build/gcc-9.4.0/cuda-11010/release/Makefile.makedepend
makedepend -f/accel-sim-framework/gpu-simulator/gpgpu-sim/build/gcc-9.4.0/cuda-11010/release/Makefile.makedepend -p/accel-sim-framework/gpu-simulator/gpgpu-sim/build/gcc-9.4.0/cuda-11010/release/ abstract_hardware_model.cc debug.cc gpgpusim_entrypoint.cc option_parser.cc statwrapper.cc stream_manager.cc trace.cc 2> /dev/null
make[2]: 'depend' is up to date.
make[2]: Leaving directory '/accel-sim-framework/gpu-simulator/gpgpu-sim/src'
make -C ./src/
make[2]: Entering directory '/accel-sim-framework/gpu-simulator/gpgpu-sim/src'
touch /accel-sim-framework/gpu-simulator/gpgpu-sim/build/gcc-9.4.0/cuda-11010/release/Makefile.makedepend
makedepend -f/accel-sim-framework/gpu-simulator/gpgpu-sim/build/gcc-9.4.0/cuda-11010/release/Makefile.makedepend -p/accel-sim-framework/gpu-simulator/gpgpu-sim/build/gcc-9.4.0/cuda-11010/release/ abstract_hardware_model.cc debug.cc gpgpusim_entrypoint.cc option_parser.cc statwrapper.cc stream_manager.cc trace.cc 2> /dev/null
make   -C ./gpgpu-sim
make[3]: Entering directory '/accel-sim-framework/gpu-simulator/gpgpu-sim/src/gpgpu-sim'
touch /accel-sim-framework/gpu-simulator/gpgpu-sim/build/gcc-9.4.0/cuda-11010/release/gpgpu-sim/Makefile.makedepend
makedepend -f/accel-sim-framework/gpu-simulator/gpgpu-sim/build/gcc-9.4.0/cuda-11010/release/gpgpu-sim/Makefile.makedepend -p/accel-sim-framework/gpu-simulator/gpgpu-sim/build/gcc-9.4.0/cuda-11010/release/gpgpu-sim/ addrdec.cc dram.cc dram_sched.cc gpu-cache.cc gpu-misc.cc gpu-sim.cc hashing.cc histogram.cc icnt_wrapper.cc l2cache.cc local_interconnect.cc mem_fetch.cc mem_latency_stat.cc power_interface.cc power_stat.cc scoreboard.cc shader.cc stack.cc stat-tool.cc traffic_breakdown.cc visualizer.cc 2> /dev/null
ar rcs  /accel-sim-framework/gpu-simulator/gpgpu-sim/build/gcc-9.4.0/cuda-11010/release/gpgpu-sim/libgpu_uarch_sim.a /accel-sim-framework/gpu-simulator/gpgpu-sim/build/gcc-9.4.0/cuda-11010/release/gpgpu-sim/addrdec.o /accel-sim-framework/gpu-simulator/gpgpu-sim/build/gcc-9.4.0/cuda-11010/release/gpgpu-sim/dram.o /accel-sim-framework/gpu-simulator/gpgpu-sim/build/gcc-9.4.0/cuda-11010/release/gpgpu-sim/dram_sched.o /accel-sim-framework/gpu-simulator/gpgpu-sim/build/gcc-9.4.0/cuda-11010/release/gpgpu-sim/gpu-cache.o /accel-sim-framework/gpu-simulator/gpgpu-sim/build/gcc-9.4.0/cuda-11010/release/gpgpu-sim/gpu-misc.o /accel-sim-framework/gpu-simulator/gpgpu-sim/build/gcc-9.4.0/cuda-11010/release/gpgpu-sim/gpu-sim.o /accel-sim-framework/gpu-simulator/gpgpu-sim/build/gcc-9.4.0/cuda-11010/release/gpgpu-sim/hashing.o /accel-sim-framework/gpu-simulator/gpgpu-sim/build/gcc-9.4.0/cuda-11010/release/gpgpu-sim/histogram.o /accel-sim-framework/gpu-simulator/gpgpu-sim/build/gcc-9.4.0/cuda-11010/release/gpgpu-sim/icnt_wrapper.o /accel-sim-framework/gpu-simulator/gpgpu-sim/build/gcc-9.4.0/cuda-11010/release/gpgpu-sim/l2cache.o /accel-sim-framework/gpu-simulator/gpgpu-sim/build/gcc-9.4.0/cuda-11010/release/gpgpu-sim/local_interconnect.o /accel-sim-framework/gpu-simulator/gpgpu-sim/build/gcc-9.4.0/cuda-11010/release/gpgpu-sim/mem_fetch.o /accel-sim-framework/gpu-simulator/gpgpu-sim/build/gcc-9.4.0/cuda-11010/release/gpgpu-sim/mem_latency_stat.o /accel-sim-framework/gpu-simulator/gpgpu-sim/build/gcc-9.4.0/cuda-11010/release/gpgpu-sim/power_interface.o /accel-sim-framework/gpu-simulator/gpgpu-sim/build/gcc-9.4.0/cuda-11010/release/gpgpu-sim/power_stat.o /accel-sim-framework/gpu-simulator/gpgpu-sim/build/gcc-9.4.0/cuda-11010/release/gpgpu-sim/scoreboard.o /accel-sim-framework/gpu-simulator/gpgpu-sim/build/gcc-9.4.0/cuda-11010/release/gpgpu-sim/shader.o /accel-sim-framework/gpu-simulator/gpgpu-sim/build/gcc-9.4.0/cuda-11010/release/gpgpu-sim/stack.o /accel-sim-framework/gpu-simulator/gpgpu-sim/build/gcc-9.4.0/cuda-11010/release/gpgpu-sim/stat-tool.o /accel-sim-framework/gpu-simulator/gpgpu-sim/build/gcc-9.4.0/cuda-11010/release/gpgpu-sim/traffic_breakdown.o /accel-sim-framework/gpu-simulator/gpgpu-sim/build/gcc-9.4.0/cuda-11010/release/gpgpu-sim/visualizer.o
make[3]: Leaving directory '/accel-sim-framework/gpu-simulator/gpgpu-sim/src/gpgpu-sim'
ar rcs  /accel-sim-framework/gpu-simulator/gpgpu-sim/build/gcc-9.4.0/cuda-11010/release/libgpgpusim.a /accel-sim-framework/gpu-simulator/gpgpu-sim/build/gcc-9.4.0/cuda-11010/release/abstract_hardware_model.o /accel-sim-framework/gpu-simulator/gpgpu-sim/build/gcc-9.4.0/cuda-11010/release/debug.o /accel-sim-framework/gpu-simulator/gpgpu-sim/build/gcc-9.4.0/cuda-11010/release/gpgpusim_entrypoint.o /accel-sim-framework/gpu-simulator/gpgpu-sim/build/gcc-9.4.0/cuda-11010/release/option_parser.o /accel-sim-framework/gpu-simulator/gpgpu-sim/build/gcc-9.4.0/cuda-11010/release/statwrapper.o /accel-sim-framework/gpu-simulator/gpgpu-sim/build/gcc-9.4.0/cuda-11010/release/stream_manager.o /accel-sim-framework/gpu-simulator/gpgpu-sim/build/gcc-9.4.0/cuda-11010/release/trace.o /accel-sim-framework/gpu-simulator/gpgpu-sim/build/gcc-9.4.0/cuda-11010/release/gpgpu-sim/*.o
make[2]: Leaving directory '/accel-sim-framework/gpu-simulator/gpgpu-sim/src'
g++ -shared -Wl,-soname,libcudart.so -Wl,--version-script=linux-so-version.txt\
		/accel-sim-framework/gpu-simulator/gpgpu-sim/build/gcc-9.4.0/cuda-11010/release/libcuda/*.o \
		/accel-sim-framework/gpu-simulator/gpgpu-sim/build/gcc-9.4.0/cuda-11010/release/cuda-sim/*.o \
		/accel-sim-framework/gpu-simulator/gpgpu-sim/build/gcc-9.4.0/cuda-11010/release/cuda-sim/decuda_pred_table/*.o \
		/accel-sim-framework/gpu-simulator/gpgpu-sim/build/gcc-9.4.0/cuda-11010/release/gpgpu-sim/*.o \
		/accel-sim-framework/gpu-simulator/gpgpu-sim/build/gcc-9.4.0/cuda-11010/release/intersim2/*.o \
		/accel-sim-framework/gpu-simulator/gpgpu-sim/build/gcc-9.4.0/cuda-11010/release/*.o -lm -lz -lGL -pthread \
		/accel-sim-framework/gpu-simulator/gpgpu-sim/build/gcc-9.4.0/cuda-11010/release/accelwattch/*.o \
		-o lib/gcc-9.4.0/cuda-11010/release/libcudart.so
if [ ! -f lib/gcc-9.4.0/cuda-11010/release/libcudart.so.2 ]; then ln -s libcudart.so lib/gcc-9.4.0/cuda-11010/release/libcudart.so.2; fi
if [ ! -f lib/gcc-9.4.0/cuda-11010/release/libcudart.so.3 ]; then ln -s libcudart.so lib/gcc-9.4.0/cuda-11010/release/libcudart.so.3; fi
if [ ! -f lib/gcc-9.4.0/cuda-11010/release/libcudart.so.4 ]; then ln -s libcudart.so lib/gcc-9.4.0/cuda-11010/release/libcudart.so.4; fi
if [ ! -f lib/gcc-9.4.0/cuda-11010/release/libcudart.so.5.0 ]; then ln -s libcudart.so lib/gcc-9.4.0/cuda-11010/release/libcudart.so.5.0; fi
if [ ! -f lib/gcc-9.4.0/cuda-11010/release/libcudart.so.5.5 ]; then ln -s libcudart.so lib/gcc-9.4.0/cuda-11010/release/libcudart.so.5.5; fi
if [ ! -f lib/gcc-9.4.0/cuda-11010/release/libcudart.so.6.0 ]; then ln -s libcudart.so lib/gcc-9.4.0/cuda-11010/release/libcudart.so.6.0; fi
if [ ! -f lib/gcc-9.4.0/cuda-11010/release/libcudart.so.6.5 ]; then ln -s libcudart.so lib/gcc-9.4.0/cuda-11010/release/libcudart.so.6.5; fi
if [ ! -f lib/gcc-9.4.0/cuda-11010/release/libcudart.so.7.0 ]; then ln -s libcudart.so lib/gcc-9.4.0/cuda-11010/release/libcudart.so.7.0; fi
if [ ! -f lib/gcc-9.4.0/cuda-11010/release/libcudart.so.7.5 ]; then ln -s libcudart.so lib/gcc-9.4.0/cuda-11010/release/libcudart.so.7.5; fi
if [ ! -f lib/gcc-9.4.0/cuda-11010/release/libcudart.so.8.0 ]; then ln -s libcudart.so lib/gcc-9.4.0/cuda-11010/release/libcudart.so.8.0; fi
if [ ! -f lib/gcc-9.4.0/cuda-11010/release/libcudart.so.9.0 ]; then ln -s libcudart.so lib/gcc-9.4.0/cuda-11010/release/libcudart.so.9.0; fi
if [ ! -f lib/gcc-9.4.0/cuda-11010/release/libcudart.so.9.1 ]; then ln -s libcudart.so lib/gcc-9.4.0/cuda-11010/release/libcudart.so.9.1; fi
if [ ! -f lib/gcc-9.4.0/cuda-11010/release/libcudart.so.9.2 ]; then ln -s libcudart.so lib/gcc-9.4.0/cuda-11010/release/libcudart.so.9.2; fi
if [ ! -f lib/gcc-9.4.0/cuda-11010/release/libcudart.so.10.0 ]; then ln -s libcudart.so lib/gcc-9.4.0/cuda-11010/release/libcudart.so.10.0; fi
if [ ! -f lib/gcc-9.4.0/cuda-11010/release/libcudart.so.10.1 ]; then ln -s libcudart.so lib/gcc-9.4.0/cuda-11010/release/libcudart.so.10.1; fi
if [ ! -f lib/gcc-9.4.0/cuda-11010/release/libcudart.so.11.0 ]; then ln -s libcudart.so lib/gcc-9.4.0/cuda-11010/release/libcudart.so.11.0; fi
if [ ! -f lib/gcc-9.4.0/cuda-11010/release/libcudart.so.12 ]; then ln -s libcudart.so lib/gcc-9.4.0/cuda-11010/release/libcudart.so.12; fi
if [ ! -f lib/gcc-9.4.0/cuda-11010/release/libcudart_mod.so ]; then ln -s libcudart.so lib/gcc-9.4.0/cuda-11010/release/libcudart_mod.so; fi
make[1]: Leaving directory '/accel-sim-framework/gpu-simulator/gpgpu-sim'
g++ -Wall -O3 -g3 -fPIC -std=c++17 -I./trace-driven -I./trace-parser -I/accel-sim-framework/gpu-simulator/gpgpu-sim/libcuda -I/accel-sim-framework/gpu-simulator/gpgpu-sim/src -I/usr/local/cuda-11.1/include -I./build/release -L/accel-sim-framework/gpu-simulator/gpgpu-sim/lib/gcc-9.4.0/cuda-11010/release/ -lcudart -lm -lz -lGL -pthread ./build/release/*.o  -o ./bin/release/accel-sim.out accel-sim.cc main.cc 
In file included from /accel-sim-framework/gpu-simulator/gpgpu-sim/src/cuda-sim/../gpgpu-sim/shader.h:54,
                 from /accel-sim-framework/gpu-simulator/gpgpu-sim/src/cuda-sim/cuda-sim.h:37,
                 from accel-sim.h:13,
                 from accel-sim.cc:1:
/accel-sim-framework/gpu-simulator/gpgpu-sim/src/cuda-sim/../gpgpu-sim/gpu-cache.h: In constructor 'baseline_cache::baseline_cache(const char*, cache_config&, int, int, mem_fetch_interface*, mem_fetch_status, cache_gpu_level, gpgpu_sim*)':
/accel-sim-framework/gpu-simulator/gpgpu-sim/src/cuda-sim/../gpgpu-sim/gpu-cache.h:1479:24: warning: 'baseline_cache::m_bandwidth_management' will be initialized after [-Wreorder]
 1479 |   bandwidth_management m_bandwidth_management;
      |                        ^~~~~~~~~~~~~~~~~~~~~~
/accel-sim-framework/gpu-simulator/gpgpu-sim/src/cuda-sim/../gpgpu-sim/gpu-cache.h:1399:19: warning:   'cache_gpu_level baseline_cache::m_level' [-Wreorder]
 1399 |   cache_gpu_level m_level;
      |                   ^~~~~~~
/accel-sim-framework/gpu-simulator/gpgpu-sim/src/cuda-sim/../gpgpu-sim/gpu-cache.h:1282:3: warning:   when initialized here [-Wreorder]
 1282 |   baseline_cache(const char *name, cache_config &config, int core_id,
      |   ^~~~~~~~~~~~~~
In file included from /accel-sim-framework/gpu-simulator/gpgpu-sim/src/cuda-sim/../gpgpu-sim/shader.h:54,
                 from /accel-sim-framework/gpu-simulator/gpgpu-sim/src/cuda-sim/cuda-sim.h:37,
                 from accel-sim.h:13,
                 from main.cc:4:
/accel-sim-framework/gpu-simulator/gpgpu-sim/src/cuda-sim/../gpgpu-sim/gpu-cache.h: In constructor 'baseline_cache::baseline_cache(const char*, cache_config&, int, int, mem_fetch_interface*, mem_fetch_status, cache_gpu_level, gpgpu_sim*)':
/accel-sim-framework/gpu-simulator/gpgpu-sim/src/cuda-sim/../gpgpu-sim/gpu-cache.h:1479:24: warning: 'baseline_cache::m_bandwidth_management' will be initialized after [-Wreorder]
 1479 |   bandwidth_management m_bandwidth_management;
      |                        ^~~~~~~~~~~~~~~~~~~~~~
/accel-sim-framework/gpu-simulator/gpgpu-sim/src/cuda-sim/../gpgpu-sim/gpu-cache.h:1399:19: warning:   'cache_gpu_level baseline_cache::m_level' [-Wreorder]
 1399 |   cache_gpu_level m_level;
      |                   ^~~~~~~
/accel-sim-framework/gpu-simulator/gpgpu-sim/src/cuda-sim/../gpgpu-sim/gpu-cache.h:1282:3: warning:   when initialized here [-Wreorder]
 1282 |   baseline_cache(const char *name, cache_config &config, int core_id,
      |   ^~~~~~~~~~~~~~
make: Leaving directory '/accel-sim-framework/gpu-simulator'
